// Jest Snapshot v1, https://goo.gl/fbAQLP

exports[`should run 1`] = `
<div
  class="stacked-text flex flex-col h-full justify-between"
>
  <div
    class="font-bold text-xl"
  >
    Hello World
  </div>
  <div
    class="italic text-xl"
  >
    Goodbye World
  </div>
</div>
`;
